// Jest Snapshot v1, https://goo.gl/fbAQLP

exports[`area picker create 1`] = `
<div>
  <div class="weui-mask" style="display: none;"></div>
  <div class="weui-picker" style="display: none;">
    <div class="weui-picker__hd">
      <div class="weui-picker__action">取消</div>
      <div class="weui-picker__action">确定</div>
    </div>
    <div class="weui-picker__bd" style="height: 238px;">
      <div class="weui-picker__group">
        <div class="weui-picker__mask" style="background-size: 100% 102px;"></div>
        <div class="weui-picker__indicator" style="top: 102px;"></div>
        <div class="weui-picker__content" style="transform: translate3d(0, 102px, 0);"></div>
      </div>
      <div class="weui-picker__group">
        <div class="weui-picker__mask" style="background-size: 100% 102px;"></div>
        <div class="weui-picker__indicator" style="top: 102px;"></div>
        <div class="weui-picker__content" style="transform: translate3d(0, 102px, 0);"></div>
      </div>
      <div class="weui-picker__group">
        <div class="weui-picker__mask" style="background-size: 100% 102px;"></div>
        <div class="weui-picker__indicator" style="top: 102px;"></div>
        <div class="weui-picker__content" style="transform: translate3d(0, 102px, 0);"></div>
      </div>
    </div>
  </div>
</div>
`;

exports[`area picker render with area list 1`] = `
<div>
  <div class="weui-mask" style="display: none;"></div>
  <div class="weui-picker" style="display: none;">
    <div class="weui-picker__hd">
      <div class="weui-picker__action">取消</div>
      <div class="weui-picker__action">确定</div>
    </div>
    <div class="weui-picker__bd" style="height: 238px;">
      <div class="weui-picker__group">
        <div class="weui-picker__mask" style="background-size: 100% 102px;"></div>
        <div class="weui-picker__indicator" style="top: 102px;"></div>
        <div class="weui-picker__content" style="transform: translate3d(0, 102px, 0);">
          <div class="weui-picker__item">北京市</div>
          <div class="weui-picker__item">天津市</div>
          <div class="weui-picker__item">河北省</div>
          <div class="weui-picker__item">山西省</div>
          <div class="weui-picker__item">内蒙古自治区</div>
          <div class="weui-picker__item">辽宁省</div>
          <div class="weui-picker__item">吉林省</div>
          <div class="weui-picker__item">黑龙江省</div>
          <div class="weui-picker__item">上海市</div>
          <div class="weui-picker__item">江苏省</div>
          <div class="weui-picker__item">浙江省</div>
          <div class="weui-picker__item">安徽省</div>
          <div class="weui-picker__item">福建省</div>
          <div class="weui-picker__item">江西省</div>
          <div class="weui-picker__item">山东省</div>
          <div class="weui-picker__item">河南省</div>
          <div class="weui-picker__item">湖北省</div>
          <div class="weui-picker__item">湖南省</div>
          <div class="weui-picker__item">广东省</div>
          <div class="weui-picker__item">广西壮族自治区</div>
          <div class="weui-picker__item">海南省</div>
          <div class="weui-picker__item">重庆市</div>
          <div class="weui-picker__item">四川省</div>
          <div class="weui-picker__item">贵州省</div>
          <div class="weui-picker__item">云南省</div>
          <div class="weui-picker__item">西藏自治区</div>
          <div class="weui-picker__item">陕西省</div>
          <div class="weui-picker__item">甘肃省</div>
          <div class="weui-picker__item">青海省</div>
          <div class="weui-picker__item">宁夏回族自治区</div>
          <div class="weui-picker__item">新疆维吾尔自治区</div>
          <div class="weui-picker__item">台湾省</div>
          <div class="weui-picker__item">香港特别行政区</div>
          <div class="weui-picker__item">澳门特别行政区</div>
        </div>
      </div>
      <div class="weui-picker__group">
        <div class="weui-picker__mask" style="background-size: 100% 102px;"></div>
        <div class="weui-picker__indicator" style="top: 102px;"></div>
        <div class="weui-picker__content" style="transform: translate3d(0, 102px, 0);">
          <div class="weui-picker__item">北京市</div>
        </div>
      </div>
      <div class="weui-picker__group">
        <div class="weui-picker__mask" style="background-size: 100% 102px;"></div>
        <div class="weui-picker__indicator" style="top: 102px;"></div>
        <div class="weui-picker__content" style="transform: translate3d(0, 102px, 0);">
          <div class="weui-picker__item">东城区</div>
          <div class="weui-picker__item">西城区</div>
          <div class="weui-picker__item">朝阳区</div>
          <div class="weui-picker__item">丰台区</div>
          <div class="weui-picker__item">石景山区</div>
          <div class="weui-picker__item">海淀区</div>
          <div class="weui-picker__item">门头沟区</div>
          <div class="weui-picker__item">房山区</div>
          <div class="weui-picker__item">通州区</div>
          <div class="weui-picker__item">顺义区</div>
          <div class="weui-picker__item">昌平区</div>
          <div class="weui-picker__item">大兴区</div>
          <div class="weui-picker__item">怀柔区</div>
          <div class="weui-picker__item">平谷区</div>
          <div class="weui-picker__item">密云区</div>
          <div class="weui-picker__item">延庆区</div>
        </div>
      </div>
    </div>
  </div>
</div>
`;
