// Jest Snapshot v1, https://goo.gl/fbAQLP

exports[`input create 1`] = `
<div class="weui-cell">
  <div class="weui-cell__hd"></div>
  <div class="weui-cell__bd"><input type="text" auto-complete="off" class="weui-input"></div>
  <div class="weui-cell__ft"></div>
</div>
`;
