// Jest Snapshot v1, https://goo.gl/fbAQLP

exports[`grid-item create 1`] = `<div class="weui-grid"></div>`;
