// Jest Snapshot v1, https://goo.gl/fbAQLP

exports[`slider create 1`] = `
<div class="weui-slider-box">
  <div class="weui-slider">
    <div class="weui-slider__inner">
      <div class="weui-slider__track" style="width: 0%;"></div>
      <div class="weui-slider__handler" style="left: 0%;"></div>
    </div>
  </div>
  <div class="weui-slider-box__value"></div>
</div>
`;
