// Jest Snapshot v1, https://goo.gl/fbAQLP

exports[`header create 1`] = `
<header class="wv-header is-fixed" style="background-color: rgb(33, 41, 44);">
  <div class="wv-header-btn left"></div>
  <div class="wv-header-title"></div>
  <div class="wv-header-btn right"></div>
</header>
`;

exports[`header create 2`] = `
<header class="wv-header is-fixed" style="background-color: rgb(33, 41, 44);">
  <div class="wv-header-btn left"></div>
  <div class="wv-header-title"></div>
  <div class="wv-header-btn right"></div>
</header>
`;
