// Jest Snapshot v1, https://goo.gl/fbAQLP

exports[`search create 1`] = `
<div>
  <div class="weui-search-bar">
    <div class="weui-search-bar__form">
      <div class="weui-search-bar__box"><i class="weui-icon-search"></i><input type="search" placeholder="搜索" class="weui-search-bar__input">
        <div class="weui-icon-clear"></div>
      </div><label class="weui-search-bar__label"><i class="weui-icon-search"></i><span>搜索</span></label>
    </div>
    <div class="weui-search-bar__cancel-btn" style="display: none;">取消</div>
  </div>
  <div class="weui-cells searchbar-result" style="display: none;"></div>
</div>
`;
