// Jest Snapshot v1, https://goo.gl/fbAQLP

exports[`flex-item comput gutter 1`] = `
<div class="weui-flex" style="margin-left: -5px; margin-right: -5px;">
  <div class="weui-flex__item" style="padding-left: 5px; padding-right: 5px; flex: 1;"></div>
</div>
`;

exports[`flex-item create 1`] = `<div class="weui-flex__item" style="flex: 1;"></div>`;
