// Jest Snapshot v1, https://goo.gl/fbAQLP

exports[`circle create 1`] = `
<div class="wv-circle" style="width: 100px; height: 100px;"><svg width="100" height="100" viewBox="0 0 100 100">
    <path d="M 50,50 m 0,-48
      a 48,48 0 1 1 0,96
      a 48,48 0 1 1 0,-96" stroke="#D9D9D9" stroke-width="4" fill="none"></path>
    <path d="M 50,50 m 0,-48
      a 48,48 0 1 1 0,96
      a 48,48 0 1 1 0,-96" stroke-linecap="round" stroke="#3FC7FA" stroke-width="4" fill="transparent" style="stroke-dasharray: 301.59289474462014px 301.59289474462014px; stroke-dashoffset: 301.59289474462014px; transition: stroke-dashoffset 500ms ease 0s, stroke 500ms ease;"></path><text text-anchor="middle" dominant-baseline="middle" x="50%" y="50%" class="wv-circle-content"></text>
  </svg></div>
`;
