// Jest Snapshot v1, https://goo.gl/fbAQLP

exports[`icon create 1`] = `<span class="weui-icon-info"></span>`;
